ERC report (2026-09-28T13:01:24, Encoding UTF8)
Report includes: Errors, Warnings

***** Sheet /
[power_pin_not_driven]: Input Power pin not driven by any Output Power pins
    ; error
    @(194.31 mm, 232.41 mm): Symbol #PWR005 Pin 1 [Power input, Line]
[power_pin_not_driven]: Input Power pin not driven by any Output Power pins
    ; error
    @(219.71 mm, 167.64 mm): Symbol #PWR001 Pin 1 [Power input, Line]
[pin_not_driven]: Input pin not driven by any Output pins
    ; error
    @(306.07 mm, 171.45 mm): Symbol Q1 Pin 1 [G, Input, Line]
[power_pin_not_driven]: Input Power pin not driven by any Output Power pins
    ; error
    @(345.44 mm, 175.26 mm): Symbol #PWR015 Pin 1 [Power input, Line]
[lib_symbol_mismatch]: Symbol 'Conn_01x02' doesn't match copy in library 'Connector_Generic'
    ; warning
    @(57.15 mm, 158.75 mm): Symbol D2 [Conn_01x02]
[lib_symbol_mismatch]: Symbol 'IRLZ44N' doesn't match copy in library 'Transistor_FET'
    ; warning
    @(64.77 mm, 166.37 mm): Symbol Q2 [IRLZ44N]
[lib_symbol_mismatch]: Symbol 'R' doesn't match copy in library 'Device'
    ; warning
    @(64.77 mm, 167.64 mm): Symbol R5 [R]
[lib_symbol_mismatch]: Symbol 'R' doesn't match copy in library 'Device'
    ; warning
    @(64.77 mm, 175.26 mm): Symbol R4 [R]
[lib_symbol_mismatch]: Symbol 'C' doesn't match copy in library 'Device'
    ; warning
    @(90.17 mm, 161.29 mm): Symbol C7 [C]
[lib_symbol_mismatch]: Symbol 'C' doesn't match copy in library 'Device'
    ; warning
    @(97.79 mm, 161.29 mm): Symbol C9 [C]
[lib_symbol_mismatch]: Symbol 'R' doesn't match copy in library 'Device'
    ; warning
    @(105.41 mm, 161.29 mm): Symbol R10 [R]
[lib_symbol_mismatch]: Symbol 'Conn_01x03' doesn't match copy in library 'Connector_Generic'
    ; warning
    @(114.30 mm, 161.29 mm): Symbol J2 [Conn_01x03]
[lib_symbol_mismatch]: Symbol 'C' doesn't match copy in library 'Device'
    ; warning
    @(149.86 mm, 163.83 mm): Symbol C6 [C]
[lib_symbol_mismatch]: Symbol 'R' doesn't match copy in library 'Device'
    ; warning
    @(149.86 mm, 171.45 mm): Symbol R7 [R]
[lib_symbol_mismatch]: Symbol 'R' doesn't match copy in library 'Device'
    ; warning
    @(158.75 mm, 166.37 mm): Symbol R11 [R]
[lib_symbol_mismatch]: Symbol 'R' doesn't match copy in library 'Device'
    ; warning
    @(158.75 mm, 173.99 mm): Symbol R9 [R]
[isolated_pin_label]: Label connected to only one pin
    ; warning
    @(179.07 mm, 167.64 mm): Global Label 'TANK_VCC'
[isolated_pin_label]: Label connected to only one pin
    ; warning
    @(179.07 mm, 170.18 mm): Global Label 'WATER_AO'
[lib_symbol_mismatch]: Symbol 'Conn_01x03' doesn't match copy in library 'Connector_Generic'
    ; warning
    @(184.15 mm, 170.18 mm): Symbol J1 [Conn_01x03]
[lib_symbol_mismatch]: Symbol 'C' doesn't match copy in library 'Device'
    ; warning
    @(190.50 mm, 170.18 mm): Symbol C10 [C]
[lib_symbol_mismatch]: Symbol 'C' doesn't match copy in library 'Device'
    ; warning
    @(194.31 mm, 213.36 mm): Symbol C3 [C]
[lib_symbol_mismatch]: Symbol 'C' doesn't match copy in library 'Device'
    ; warning
    @(194.31 mm, 219.71 mm): Symbol C2 [C]
[lib_symbol_mismatch]: Symbol 'Polyfuse' doesn't match copy in library 'Device'
    ; warning
    @(195.58 mm, 60.96 mm): Symbol F3 [Polyfuse]
[lib_symbol_mismatch]: Symbol 'Conn_01x04' doesn't match copy in library 'Connector_Generic'
    ; warning
    @(199.39 mm, 229.87 mm): Symbol BST1 [Conn_01x04]
[lib_symbol_mismatch]: Symbol 'C' doesn't match copy in library 'Device'
    ; warning
    @(207.01 mm, 78.74 mm): Symbol C4 [C]
[lib_symbol_mismatch]: Symbol 'C' doesn't match copy in library 'Device'
    ; warning
    @(207.01 mm, 86.36 mm): Symbol C5 [C]
[lib_symbol_mismatch]: Symbol 'R' doesn't match copy in library 'Device'
    ; warning
    @(207.01 mm, 86.36 mm): Symbol R1 [R]
[lib_symbol_mismatch]: Symbol 'DHT11' doesn't match copy in library 'Sensor'
    ; warning
    @(207.01 mm, 97.79 mm): Symbol U2 [DHT11]
[lib_symbol_mismatch]: Symbol 'Polyfuse' doesn't match copy in library 'Device'
    ; warning
    @(207.01 mm, 134.62 mm): Symbol F1 [Polyfuse]
[lib_symbol_mismatch]: Symbol 'Polyfuse' doesn't match copy in library 'Device'
    ; warning
    @(215.90 mm, 60.96 mm): Symbol F2 [Polyfuse]
[multiple_net_names]: Both DHT_DATA and GND are attached to the same items; DHT_DATA will be used in the netlist
    ; warning
    @(368.30 mm, 175.26 mm): Global Label 'DHT_DATA'
    @(219.71 mm, 167.64 mm): Symbol #PWR001 Pin 1 [Power input, Line]
[lib_symbol_mismatch]: Symbol 'Conn_01x02' doesn't match copy in library 'Connector_Generic'
    ; warning
    @(219.71 mm, 170.18 mm): Symbol BT1 [Conn_01x02]
[lib_symbol_mismatch]: Symbol 'Conn_01x04' doesn't match copy in library 'Connector_Generic'
    ; warning
    @(224.79 mm, 167.64 mm): Symbol CHG1 [Conn_01x04]
[lib_symbol_mismatch]: Symbol 'C' doesn't match copy in library 'Device'
    ; warning
    @(242.57 mm, 171.45 mm): Symbol C8 [C]
[lib_symbol_mismatch]: Symbol 'C' doesn't match copy in library 'Device'
    ; warning
    @(250.19 mm, 171.45 mm): Symbol C1 [C]
[lib_symbol_mismatch]: Symbol 'R' doesn't match copy in library 'Device'
    ; warning
    @(257.81 mm, 171.45 mm): Symbol R6 [R]
[lib_symbol_mismatch]: Symbol 'Conn_01x03' doesn't match copy in library 'Connector_Generic'
    ; warning
    @(266.70 mm, 171.45 mm): Symbol J3 [Conn_01x03]
[lib_symbol_mismatch]: Symbol 'Conn_01x02' doesn't match copy in library 'Connector_Generic'
    ; warning
    @(298.45 mm, 158.75 mm): Symbol M1 [Conn_01x02]
[lib_symbol_mismatch]: Symbol '1N5819' doesn't match copy in library 'Diode'
    ; warning
    @(298.45 mm, 167.64 mm): Symbol D1 [1N5819]
[lib_symbol_mismatch]: Symbol 'C' doesn't match copy in library 'Device'
    ; warning
    @(300.99 mm, 167.64 mm): Symbol C11 [C]
[lib_symbol_mismatch]: Symbol 'R' doesn't match copy in library 'Device'
    ; warning
    @(302.26 mm, 147.32 mm): Symbol R2 [R]
[lib_symbol_mismatch]: Symbol 'IRLZ44N' doesn't match copy in library 'Transistor_FET'
    ; warning
    @(306.07 mm, 166.37 mm): Symbol Q1 [IRLZ44N]
[isolated_pin_label]: Label connected to only one pin
    ; warning
    @(306.07 mm, 171.45 mm): Global Label 'PUMP_GATE_Q'
[lib_symbol_mismatch]: Symbol 'R' doesn't match copy in library 'Device'
    ; warning
    @(309.88 mm, 147.32 mm): Symbol R3 [R]
[lib_symbol_mismatch]: Symbol 'R' doesn't match copy in library 'Device'
    ; warning
    @(322.58 mm, 168.91 mm): Symbol R8 [R]
[lib_symbol_mismatch]: Symbol 'SW_Push' doesn't match copy in library 'Switch'
    ; warning
    @(322.58 mm, 177.80 mm): Symbol SW1 [SW_Push]
[isolated_pin_label]: Label connected to only one pin
    ; warning
    @(345.44 mm, 172.72 mm): Global Label 'BOOT_IO0'
[lib_symbol_mismatch]: Symbol 'Conn_01x08' doesn't match copy in library 'Connector_Generic'
    ; warning
    @(350.52 mm, 170.18 mm): Symbol U1A [Conn_01x08]
[lib_symbol_mismatch]: Symbol 'Conn_01x04' doesn't match copy in library 'Connector_Generic'
    ; warning
    @(356.87 mm, 149.86 mm): Symbol J4 [Conn_01x04]
[isolated_pin_label]: Label connected to only one pin
    ; warning
    @(368.30 mm, 167.64 mm): Global Label 'GPIO12_NC'
[lib_symbol_mismatch]: Symbol 'Conn_01x08' doesn't match copy in library 'Connector_Generic'
    ; warning
    @(373.38 mm, 170.18 mm): Symbol U1B [Conn_01x08]

 ** ERC messages: 51  Errors 4  Warnings 47

 ** Ignored checks:
    - Global label only appears once in the schematic
    - Four connection points are joined together
    - SPICE model issue
    - Assigned footprint doesn't match footprint filters
